16:17:04 **** Build of configuration Release for project mmult ****
make all 
'Building file: ../src/lib_xmmult_hw.c'
'Invoking: ARM gcc compiler'
arm-xilinx-eabi-gcc -Wall -O2 -c -fmessage-length=0 -MT"src/lib_xmmult_hw.o" -I../../mmult_bsp/ps7_cortexa9_0/include -MMD -MP -MF"src/lib_xmmult_hw.d" -MT"src/lib_xmmult_hw.d" -o "src/lib_xmmult_hw.o" "../src/lib_xmmult_hw.c"
../src/lib_xmmult_hw.c: In function 'Start_HW_Accelerator':
../src/lib_xmmult_hw.c:152:3: warning: 'return' with a value, in function returning void
   return XST_FAILURE;
   ^
../src/lib_xmmult_hw.c:157:3: warning: 'return' with a value, in function returning void
   return XST_FAILURE;
   ^
'Finished building: ../src/lib_xmmult_hw.c'
' '
'Building file: ../src/main.c'
'Invoking: ARM gcc compiler'
arm-xilinx-eabi-gcc -Wall -O2 -c -fmessage-length=0 -MT"src/main.o" -I../../mmult_bsp/ps7_cortexa9_0/include -MMD -MP -MF"src/main.d" -MT"src/main.d" -o "src/main.o" "../src/main.c"
../src/main.c:59:0: warning: "SIZE" redefined
 #define SIZE      (DIM*DIM)
 ^
In file included from ../src/main.c:54:0:
../src/lib_xmmult_hw.h:6:0: note: this is the location of the previous definition
 #define SIZE  ((DIM)*(DIM))
 ^
../src/main.c: In function 'main':
../src/main.c:193:4: warning: implicit declaration of function 'matrix_multiply_ref' [-Wimplicit-function-declaration]
    matrix_multiply_ref(A, B, res_sw);
    ^
../src/main.c:207:4: warning: implicit declaration of function 'Start_HW_Accelerator' [-Wimplicit-function-declaration]
    Start_HW_Accelerator();
    ^
'Finished building: ../src/main.c'
' '
'Building file: ../src/platform.c'
'Invoking: ARM gcc compiler'
arm-xilinx-eabi-gcc -Wall -O2 -c -fmessage-length=0 -MT"src/platform.o" -I../../mmult_bsp/ps7_cortexa9_0/include -MMD -MP -MF"src/platform.d" -MT"src/platform.d" -o "src/platform.o" "../src/platform.c"
'Finished building: ../src/platform.c'
' '
'Building target: mmult.elf'
'Invoking: ARM gcc linker'
arm-xilinx-eabi-gcc -Wl,-T -Wl,../src/lscript.ld -L../../mmult_bsp/ps7_cortexa9_0/lib -o "mmult.elf"  ./src/lib_xmmult_hw.o ./src/main.o ./src/platform.o   -Wl,--start-group,-lxil,-lgcc,-lc,--end-group
'Finished building target: mmult.elf'
' '
'Invoking: ARM Print Size'
arm-xilinx-eabi-size mmult.elf  |tee "mmult.elf.size"
   text	   data	    bss	    dec	    hex	filename
  43572	   2016	  28484	  74072	  12158	mmult.elf
'Finished building: mmult.elf.size'
' '

16:17:05 Build Finished (took 868ms)

